Analysis & Synthesis report for Vending_Machine
Mon Apr 17 22:25:36 2017
Quartus II 64-Bit Version 13.0.0 Build 156 04/24/2013 SJ Web Edition


---------------------
; Table of Contents ;
---------------------
  1. Legal Notice
  2. Analysis & Synthesis Summary
  3. Analysis & Synthesis Settings
  4. Parallel Compilation
  5. Analysis & Synthesis Source Files Read
  6. Analysis & Synthesis Resource Usage Summary
  7. Analysis & Synthesis Resource Utilization by Entity
  8. General Register Statistics
  9. Port Connectivity Checks: "datapath:datapath_Process|bit_adder_8_implementation:adderOutput"
 10. Port Connectivity Checks: "datapath:datapath_Process|accumulator_8_bits:accumilate_output|bit_adder_8_implementation:adder_output|bit_adder_8:bit_1"
 11. Port Connectivity Checks: "datapath:datapath_Process|accumulator_8_bits:accumilate_output|bit_adder_8_implementation:adder_output"
 12. Elapsed Time Per Partition
 13. Analysis & Synthesis Messages



----------------
; Legal Notice ;
----------------
Copyright (C) 1991-2013 Altera Corporation
Your use of Altera Corporation's design tools, logic functions 
and other software and tools, and its AMPP partner logic 
functions, and any output files from any of the foregoing 
(including device programming or simulation files), and any 
associated documentation or information are expressly subject 
to the terms and conditions of the Altera Program License 
Subscription Agreement, Altera MegaCore Function License 
Agreement, or other applicable license agreement, including, 
without limitation, that your use is for the sole purpose of 
programming logic devices manufactured by Altera and sold by 
Altera or its authorized distributors.  Please refer to the 
applicable agreement for further details.



+---------------------------------------------------------------------------------+
; Analysis & Synthesis Summary                                                    ;
+------------------------------------+--------------------------------------------+
; Analysis & Synthesis Status        ; Successful - Mon Apr 17 22:25:36 2017      ;
; Quartus II 64-Bit Version          ; 13.0.0 Build 156 04/24/2013 SJ Web Edition ;
; Revision Name                      ; Vending_Machine                            ;
; Top-level Entity Name              ; Vending_Machine                            ;
; Family                             ; Cyclone II                                 ;
; Total logic elements               ; 77                                         ;
;     Total combinational functions  ; 77                                         ;
;     Dedicated logic registers      ; 25                                         ;
; Total registers                    ; 25                                         ;
; Total pins                         ; 46                                         ;
; Total virtual pins                 ; 0                                          ;
; Total memory bits                  ; 0                                          ;
; Embedded Multiplier 9-bit elements ; 0                                          ;
; Total PLLs                         ; 0                                          ;
+------------------------------------+--------------------------------------------+


+----------------------------------------------------------------------------------------------------------------------+
; Analysis & Synthesis Settings                                                                                        ;
+----------------------------------------------------------------------------+--------------------+--------------------+
; Option                                                                     ; Setting            ; Default Value      ;
+----------------------------------------------------------------------------+--------------------+--------------------+
; Top-level entity name                                                      ; Vending_Machine    ; Vending_Machine    ;
; Family name                                                                ; Cyclone II         ; Cyclone IV GX      ;
; Use smart compilation                                                      ; Off                ; Off                ;
; Enable parallel Assembler and TimeQuest Timing Analyzer during compilation ; On                 ; On                 ;
; Enable compact report table                                                ; Off                ; Off                ;
; Restructure Multiplexers                                                   ; Auto               ; Auto               ;
; Create Debugging Nodes for IP Cores                                        ; Off                ; Off                ;
; Preserve fewer node names                                                  ; On                 ; On                 ;
; Disable OpenCore Plus hardware evaluation                                  ; Off                ; Off                ;
; Verilog Version                                                            ; Verilog_2001       ; Verilog_2001       ;
; VHDL Version                                                               ; VHDL_1993          ; VHDL_1993          ;
; State Machine Processing                                                   ; Auto               ; Auto               ;
; Safe State Machine                                                         ; Off                ; Off                ;
; Extract Verilog State Machines                                             ; On                 ; On                 ;
; Extract VHDL State Machines                                                ; On                 ; On                 ;
; Ignore Verilog initial constructs                                          ; Off                ; Off                ;
; Iteration limit for constant Verilog loops                                 ; 5000               ; 5000               ;
; Iteration limit for non-constant Verilog loops                             ; 250                ; 250                ;
; Add Pass-Through Logic to Inferred RAMs                                    ; On                 ; On                 ;
; Infer RAMs from Raw Logic                                                  ; On                 ; On                 ;
; Parallel Synthesis                                                         ; On                 ; On                 ;
; DSP Block Balancing                                                        ; Auto               ; Auto               ;
; NOT Gate Push-Back                                                         ; On                 ; On                 ;
; Power-Up Don't Care                                                        ; On                 ; On                 ;
; Remove Redundant Logic Cells                                               ; Off                ; Off                ;
; Remove Duplicate Registers                                                 ; On                 ; On                 ;
; Ignore CARRY Buffers                                                       ; Off                ; Off                ;
; Ignore CASCADE Buffers                                                     ; Off                ; Off                ;
; Ignore GLOBAL Buffers                                                      ; Off                ; Off                ;
; Ignore ROW GLOBAL Buffers                                                  ; Off                ; Off                ;
; Ignore LCELL Buffers                                                       ; Off                ; Off                ;
; Ignore SOFT Buffers                                                        ; On                 ; On                 ;
; Limit AHDL Integers to 32 Bits                                             ; Off                ; Off                ;
; Optimization Technique                                                     ; Balanced           ; Balanced           ;
; Carry Chain Length                                                         ; 70                 ; 70                 ;
; Auto Carry Chains                                                          ; On                 ; On                 ;
; Auto Open-Drain Pins                                                       ; On                 ; On                 ;
; Perform WYSIWYG Primitive Resynthesis                                      ; Off                ; Off                ;
; Auto ROM Replacement                                                       ; On                 ; On                 ;
; Auto RAM Replacement                                                       ; On                 ; On                 ;
; Auto Shift Register Replacement                                            ; Auto               ; Auto               ;
; Allow Shift Register Merging across Hierarchies                            ; Auto               ; Auto               ;
; Auto Clock Enable Replacement                                              ; On                 ; On                 ;
; Strict RAM Replacement                                                     ; Off                ; Off                ;
; Allow Synchronous Control Signals                                          ; On                 ; On                 ;
; Force Use of Synchronous Clear Signals                                     ; Off                ; Off                ;
; Auto RAM to Logic Cell Conversion                                          ; Off                ; Off                ;
; Auto Resource Sharing                                                      ; Off                ; Off                ;
; Allow Any RAM Size For Recognition                                         ; Off                ; Off                ;
; Allow Any ROM Size For Recognition                                         ; Off                ; Off                ;
; Allow Any Shift Register Size For Recognition                              ; Off                ; Off                ;
; Use LogicLock Constraints during Resource Balancing                        ; On                 ; On                 ;
; Ignore translate_off and synthesis_off directives                          ; Off                ; Off                ;
; Timing-Driven Synthesis                                                    ; Off                ; Off                ;
; Report Parameter Settings                                                  ; On                 ; On                 ;
; Report Source Assignments                                                  ; On                 ; On                 ;
; Report Connectivity Checks                                                 ; On                 ; On                 ;
; Ignore Maximum Fan-Out Assignments                                         ; Off                ; Off                ;
; Synchronization Register Chain Length                                      ; 2                  ; 2                  ;
; PowerPlay Power Optimization                                               ; Normal compilation ; Normal compilation ;
; HDL message level                                                          ; Level2             ; Level2             ;
; Suppress Register Optimization Related Messages                            ; Off                ; Off                ;
; Number of Removed Registers Reported in Synthesis Report                   ; 5000               ; 5000               ;
; Number of Swept Nodes Reported in Synthesis Report                         ; 5000               ; 5000               ;
; Number of Inverted Registers Reported in Synthesis Report                  ; 100                ; 100                ;
; Clock MUX Protection                                                       ; On                 ; On                 ;
; Auto Gated Clock Conversion                                                ; Off                ; Off                ;
; Block Design Naming                                                        ; Auto               ; Auto               ;
; SDC constraint protection                                                  ; Off                ; Off                ;
; Synthesis Effort                                                           ; Auto               ; Auto               ;
; Shift Register Replacement - Allow Asynchronous Clear Signal               ; On                 ; On                 ;
; Pre-Mapping Resynthesis Optimization                                       ; Off                ; Off                ;
; Analysis & Synthesis Message Level                                         ; Medium             ; Medium             ;
; Disable Register Merging Across Hierarchies                                ; Auto               ; Auto               ;
; Resource Aware Inference For Block RAM                                     ; On                 ; On                 ;
; Synthesis Seed                                                             ; 1                  ; 1                  ;
+----------------------------------------------------------------------------+--------------------+--------------------+


+------------------------------------------+
; Parallel Compilation                     ;
+----------------------------+-------------+
; Processors                 ; Number      ;
+----------------------------+-------------+
; Number detected on machine ; 4           ;
; Maximum allowed            ; 2           ;
;                            ;             ;
; Average used               ; 1.00        ;
; Maximum used               ; 1           ;
;                            ;             ;
; Usage by Processor         ; % Time Used ;
;     Processor 1            ; 100.0%      ;
;     Processors 2-4         ;   0.0%      ;
+----------------------------+-------------+


+-------------------------------------------------------------------------------------------------------------------------------------------------------------------------------------------------------------------------------+
; Analysis & Synthesis Source Files Read                                                                                                                                                                                        ;
+----------------------------------+-----------------+-----------------+----------------------------------------------------------------------------------------------------------------------------------------------+---------+
; File Name with User-Entered Path ; Used in Netlist ; File Type       ; File Name with Absolute Path                                                                                                                 ; Library ;
+----------------------------------+-----------------+-----------------+----------------------------------------------------------------------------------------------------------------------------------------------+---------+
; reg8.vhd                         ; yes             ; User VHDL File  ; C:/Users/AnasZ/Dropbox/Principles and Applications of VLSI Design (ELG4137)/Labs/Project/temp/Vending_Machine/reg8.vhd                       ;         ;
; gates.vhd                        ; yes             ; User VHDL File  ; C:/Users/AnasZ/Dropbox/Principles and Applications of VLSI Design (ELG4137)/Labs/Project/temp/Vending_Machine/gates.vhd                      ;         ;
; bit_adder_8_implementation.vhd   ; yes             ; User VHDL File  ; C:/Users/AnasZ/Dropbox/Principles and Applications of VLSI Design (ELG4137)/Labs/Project/temp/Vending_Machine/bit_adder_8_implementation.vhd ;         ;
; bit_adder_8.vhd                  ; yes             ; User VHDL File  ; C:/Users/AnasZ/Dropbox/Principles and Applications of VLSI Design (ELG4137)/Labs/Project/temp/Vending_Machine/bit_adder_8.vhd                ;         ;
; accumulator_8_bits.vhd           ; yes             ; User VHDL File  ; C:/Users/AnasZ/Dropbox/Principles and Applications of VLSI Design (ELG4137)/Labs/Project/temp/Vending_Machine/accumulator_8_bits.vhd         ;         ;
; Vending_Machine.vhd              ; yes             ; User VHDL File  ; C:/Users/AnasZ/Dropbox/Principles and Applications of VLSI Design (ELG4137)/Labs/Project/temp/Vending_Machine/Vending_Machine.vhd            ;         ;
; datapath.vhd                     ; yes             ; User VHDL File  ; C:/Users/AnasZ/Dropbox/Principles and Applications of VLSI Design (ELG4137)/Labs/Project/temp/Vending_Machine/datapath.vhd                   ;         ;
; controller.vhd                   ; yes             ; User VHDL File  ; C:/Users/AnasZ/Dropbox/Principles and Applications of VLSI Design (ELG4137)/Labs/Project/temp/Vending_Machine/controller.vhd                 ;         ;
; twosComp.vhd                     ; yes             ; User VHDL File  ; C:/Users/AnasZ/Dropbox/Principles and Applications of VLSI Design (ELG4137)/Labs/Project/temp/Vending_Machine/twosComp.vhd                   ;         ;
; comp8bit.vhd                     ; yes             ; User VHDL File  ; C:/Users/AnasZ/Dropbox/Principles and Applications of VLSI Design (ELG4137)/Labs/Project/temp/Vending_Machine/comp8bit.vhd                   ;         ;
+----------------------------------+-----------------+-----------------+----------------------------------------------------------------------------------------------------------------------------------------------+---------+


+-----------------------------------------------------+
; Analysis & Synthesis Resource Usage Summary         ;
+---------------------------------------------+-------+
; Resource                                    ; Usage ;
+---------------------------------------------+-------+
; Estimated Total logic elements              ; 77    ;
;                                             ;       ;
; Total combinational functions               ; 77    ;
; Logic element usage by number of LUT inputs ;       ;
;     -- 4 input functions                    ; 1     ;
;     -- 3 input functions                    ; 52    ;
;     -- <=2 input functions                  ; 24    ;
;                                             ;       ;
; Logic elements by mode                      ;       ;
;     -- normal mode                          ; 49    ;
;     -- arithmetic mode                      ; 28    ;
;                                             ;       ;
; Total registers                             ; 25    ;
;     -- Dedicated logic registers            ; 25    ;
;     -- I/O registers                        ; 0     ;
;                                             ;       ;
; I/O pins                                    ; 46    ;
; Embedded Multiplier 9-bit elements          ; 0     ;
; Maximum fan-out node                        ; rst   ;
; Maximum fan-out                             ; 26    ;
; Total fan-out                               ; 292   ;
; Average fan-out                             ; 1.97  ;
+---------------------------------------------+-------+


+---------------------------------------------------------------------------------------------------------------------------------------------------------------------------------------------------------------------------------------------------------------------------+
; Analysis & Synthesis Resource Utilization by Entity                                                                                                                                                                                                                       ;
+----------------------------------------------+-------------------+--------------+-------------+--------------+---------+-----------+------+--------------+-------------------------------------------------------------------------------------------------+--------------+
; Compilation Hierarchy Node                   ; LC Combinationals ; LC Registers ; Memory Bits ; DSP Elements ; DSP 9x9 ; DSP 18x18 ; Pins ; Virtual Pins ; Full Hierarchy Name                                                                             ; Library Name ;
+----------------------------------------------+-------------------+--------------+-------------+--------------+---------+-----------+------+--------------+-------------------------------------------------------------------------------------------------+--------------+
; |Vending_Machine                             ; 77 (16)           ; 25 (0)       ; 0           ; 0            ; 0       ; 0         ; 46   ; 0            ; |Vending_Machine                                                                                ;              ;
;    |controller:controll_process|             ; 21 (21)           ; 1 (1)        ; 0           ; 0            ; 0       ; 0         ; 0    ; 0            ; |Vending_Machine|controller:controll_process                                                    ;              ;
;    |datapath:datapath_Process|               ; 40 (0)            ; 24 (0)       ; 0           ; 0            ; 0       ; 0         ; 0    ; 0            ; |Vending_Machine|datapath:datapath_Process                                                      ;              ;
;       |accumulator_8_bits:accumilate_output| ; 8 (0)             ; 8 (0)        ; 0           ; 0            ; 0       ; 0         ; 0    ; 0            ; |Vending_Machine|datapath:datapath_Process|accumulator_8_bits:accumilate_output                 ;              ;
;          |reg8:reg_output|                   ; 8 (8)             ; 8 (8)        ; 0           ; 0            ; 0       ; 0         ; 0    ; 0            ; |Vending_Machine|datapath:datapath_Process|accumulator_8_bits:accumilate_output|reg8:reg_output ;              ;
;       |comp8bit:comapring_price|             ; 16 (16)           ; 0 (0)        ; 0           ; 0            ; 0       ; 0         ; 0    ; 0            ; |Vending_Machine|datapath:datapath_Process|comp8bit:comapring_price                             ;              ;
;       |reg8:change_Register|                 ; 8 (8)             ; 8 (8)        ; 0           ; 0            ; 0       ; 0         ; 0    ; 0            ; |Vending_Machine|datapath:datapath_Process|reg8:change_Register                                 ;              ;
;       |reg8:total_Register|                  ; 8 (8)             ; 8 (8)        ; 0           ; 0            ; 0       ; 0         ; 0    ; 0            ; |Vending_Machine|datapath:datapath_Process|reg8:total_Register                                  ;              ;
+----------------------------------------------+-------------------+--------------+-------------+--------------+---------+-----------+------+--------------+-------------------------------------------------------------------------------------------------+--------------+
Note: For table entries with two numbers listed, the numbers in parentheses indicate the number of resources of the given type used by the specific entity alone. The numbers listed outside of parentheses indicate the total resources of the given type used by the specific entity and all of its sub-entities in the hierarchy.


+------------------------------------------------------+
; General Register Statistics                          ;
+----------------------------------------------+-------+
; Statistic                                    ; Value ;
+----------------------------------------------+-------+
; Total registers                              ; 25    ;
; Number of registers using Synchronous Clear  ; 16    ;
; Number of registers using Synchronous Load   ; 0     ;
; Number of registers using Asynchronous Clear ; 0     ;
; Number of registers using Asynchronous Load  ; 0     ;
; Number of registers using Clock Enable       ; 0     ;
; Number of registers using Preset             ; 0     ;
+----------------------------------------------+-------+


+-----------------------------------------------------------------------------------------------------------------+
; Port Connectivity Checks: "datapath:datapath_Process|bit_adder_8_implementation:adderOutput"                    ;
+-------+--------+----------+-------------------------------------------------------------------------------------+
; Port  ; Type   ; Severity ; Details                                                                             ;
+-------+--------+----------+-------------------------------------------------------------------------------------+
; carry ; Output ; Info     ; Connected to dangling logic. Logic that only feeds a dangling port will be removed. ;
+-------+--------+----------+-------------------------------------------------------------------------------------+


+------------------------------------------------------------------------------------------------------------------------------------------------------+
; Port Connectivity Checks: "datapath:datapath_Process|accumulator_8_bits:accumilate_output|bit_adder_8_implementation:adder_output|bit_adder_8:bit_1" ;
+------+-------+----------+----------------------------------------------------------------------------------------------------------------------------+
; Port ; Type  ; Severity ; Details                                                                                                                    ;
+------+-------+----------+----------------------------------------------------------------------------------------------------------------------------+
; c    ; Input ; Info     ; Stuck at GND                                                                                                               ;
+------+-------+----------+----------------------------------------------------------------------------------------------------------------------------+


+------------------------------------------------------------------------------------------------------------------------------------+
; Port Connectivity Checks: "datapath:datapath_Process|accumulator_8_bits:accumilate_output|bit_adder_8_implementation:adder_output" ;
+-------+--------+----------+--------------------------------------------------------------------------------------------------------+
; Port  ; Type   ; Severity ; Details                                                                                                ;
+-------+--------+----------+--------------------------------------------------------------------------------------------------------+
; carry ; Output ; Info     ; Connected to dangling logic. Logic that only feeds a dangling port will be removed.                    ;
+-------+--------+----------+--------------------------------------------------------------------------------------------------------+


+-------------------------------+
; Elapsed Time Per Partition    ;
+----------------+--------------+
; Partition Name ; Elapsed Time ;
+----------------+--------------+
; Top            ; 00:00:00     ;
+----------------+--------------+


+-------------------------------+
; Analysis & Synthesis Messages ;
+-------------------------------+
Info: *******************************************************************
Info: Running Quartus II 64-Bit Analysis & Synthesis
    Info: Version 13.0.0 Build 156 04/24/2013 SJ Web Edition
    Info: Processing started: Mon Apr 17 22:25:32 2017
Info: Command: quartus_map --read_settings_files=on --write_settings_files=off Vending_Machine -c Vending_Machine
Info (11104): Parallel Compilation has detected 4 hyper-threaded processors. However, the extra hyper-threaded processors will not be used by default. Parallel Compilation will use 2 of the 2 physical processors detected instead.
Warning (12019): Can't analyze file -- file one_bit_comp.vhd is missing
Info (12021): Found 2 design units, including 1 entities, in source file reg8.vhd
    Info (12022): Found design unit 1: reg8-bhv
    Info (12023): Found entity 1: reg8
Info (12021): Found 16 design units, including 8 entities, in source file gates.vhd
    Info (12022): Found design unit 1: not_gate-behavioral
    Info (12022): Found design unit 2: and_gate-behavioral
    Info (12022): Found design unit 3: and_gate_4_input-behavioral
    Info (12022): Found design unit 4: and_gate_3_input-behavioral
    Info (12022): Found design unit 5: or_gate-behavioral
    Info (12022): Found design unit 6: or_gate_4_inputs-behavioral
    Info (12022): Found design unit 7: or_gate_3_inputs-behavioral
    Info (12022): Found design unit 8: exor_gate-behavioral
    Info (12023): Found entity 1: not_gate
    Info (12023): Found entity 2: and_gate
    Info (12023): Found entity 3: and_gate_4_input
    Info (12023): Found entity 4: and_gate_3_input
    Info (12023): Found entity 5: or_gate
    Info (12023): Found entity 6: or_gate_4_inputs
    Info (12023): Found entity 7: or_gate_3_inputs
    Info (12023): Found entity 8: exor_gate
Info (12021): Found 2 design units, including 1 entities, in source file bit_adder_8_implementation.vhd
    Info (12022): Found design unit 1: bit_adder_8_implementation-structure_view_8_bit_adder
    Info (12023): Found entity 1: bit_adder_8_implementation
Info (12021): Found 2 design units, including 1 entities, in source file bit_adder_8.vhd
    Info (12022): Found design unit 1: bit_adder_8-structure_view_8_bit_adder
    Info (12023): Found entity 1: bit_adder_8
Info (12021): Found 2 design units, including 1 entities, in source file accumulator_8_bits.vhd
    Info (12022): Found design unit 1: accumulator_8_bits-implementation
    Info (12023): Found entity 1: accumulator_8_bits
Info (12021): Found 2 design units, including 1 entities, in source file vending_machine.vhd
    Info (12022): Found design unit 1: Vending_Machine-rtl
    Info (12023): Found entity 1: Vending_Machine
Info (12021): Found 2 design units, including 1 entities, in source file datapath.vhd
    Info (12022): Found design unit 1: datapath-rtl
    Info (12023): Found entity 1: datapath
Info (12021): Found 2 design units, including 1 entities, in source file controller.vhd
    Info (12022): Found design unit 1: controller-rtl
    Info (12023): Found entity 1: controller
Info (12021): Found 2 design units, including 1 entities, in source file twoscomp.vhd
    Info (12022): Found design unit 1: twosComp-twosComp_implem
    Info (12023): Found entity 1: twosComp
Info (12021): Found 2 design units, including 1 entities, in source file comp8bit.vhd
    Info (12022): Found design unit 1: comp8bit-model
    Info (12023): Found entity 1: comp8bit
Info (12127): Elaborating entity "Vending_Machine" for the top level hierarchy
Warning (10492): VHDL Process Statement warning at Vending_Machine.vhd(110): signal "rst" is read inside the Process Statement but isn't in the Process Statement's sensitivity list
Warning (10492): VHDL Process Statement warning at Vending_Machine.vhd(112): signal "temp_total" is read inside the Process Statement but isn't in the Process Statement's sensitivity list
Warning (10492): VHDL Process Statement warning at Vending_Machine.vhd(115): signal "temp_change" is read inside the Process Statement but isn't in the Process Statement's sensitivity list
Warning (10492): VHDL Process Statement warning at Vending_Machine.vhd(116): signal "temp_total" is read inside the Process Statement but isn't in the Process Statement's sensitivity list
Info (12128): Elaborating entity "controller" for hierarchy "controller:controll_process"
Warning (10492): VHDL Process Statement warning at controller.vhd(59): signal "coin_Detected" is read inside the Process Statement but isn't in the Process Statement's sensitivity list
Warning (10492): VHDL Process Statement warning at controller.vhd(60): signal "value_cents" is read inside the Process Statement but isn't in the Process Statement's sensitivity list
Warning (10492): VHDL Process Statement warning at controller.vhd(70): signal "soda_price_0" is read inside the Process Statement but isn't in the Process Statement's sensitivity list
Warning (10492): VHDL Process Statement warning at controller.vhd(72): signal "soda_price_1" is read inside the Process Statement but isn't in the Process Statement's sensitivity list
Warning (10492): VHDL Process Statement warning at controller.vhd(124): signal "soda_choice" is read inside the Process Statement but isn't in the Process Statement's sensitivity list
Warning (10492): VHDL Process Statement warning at controller.vhd(139): signal "reset" is read inside the Process Statement but isn't in the Process Statement's sensitivity list
Warning (10631): VHDL Process Statement warning at controller.vhd(78): inferring latch(es) for signal or variable "reset_system", which holds its previous value in one or more paths through the process
Info (10041): Inferred latch for "reset_system" at controller.vhd(78)
Info (12128): Elaborating entity "datapath" for hierarchy "datapath:datapath_Process"
Warning (10036): Verilog HDL or VHDL warning at datapath.vhd(84): object "C_out" assigned a value but never read
Info (12128): Elaborating entity "accumulator_8_bits" for hierarchy "datapath:datapath_Process|accumulator_8_bits:accumilate_output"
Warning (10036): Verilog HDL or VHDL warning at accumulator_8_bits.vhd(33): object "bit_adder_C_out" assigned a value but never read
Info (12128): Elaborating entity "bit_adder_8_implementation" for hierarchy "datapath:datapath_Process|accumulator_8_bits:accumilate_output|bit_adder_8_implementation:adder_output"
Info (12128): Elaborating entity "bit_adder_8" for hierarchy "datapath:datapath_Process|accumulator_8_bits:accumilate_output|bit_adder_8_implementation:adder_output|bit_adder_8:bit_1"
Info (12128): Elaborating entity "not_gate" for hierarchy "datapath:datapath_Process|accumulator_8_bits:accumilate_output|bit_adder_8_implementation:adder_output|bit_adder_8:bit_1|not_gate:G1"
Info (12128): Elaborating entity "and_gate_3_input" for hierarchy "datapath:datapath_Process|accumulator_8_bits:accumilate_output|bit_adder_8_implementation:adder_output|bit_adder_8:bit_1|and_gate_3_input:G4"
Info (12128): Elaborating entity "or_gate_4_inputs" for hierarchy "datapath:datapath_Process|accumulator_8_bits:accumilate_output|bit_adder_8_implementation:adder_output|bit_adder_8:bit_1|or_gate_4_inputs:G8"
Info (12128): Elaborating entity "and_gate" for hierarchy "datapath:datapath_Process|accumulator_8_bits:accumilate_output|bit_adder_8_implementation:adder_output|bit_adder_8:bit_1|and_gate:G9"
Info (12128): Elaborating entity "or_gate_3_inputs" for hierarchy "datapath:datapath_Process|accumulator_8_bits:accumilate_output|bit_adder_8_implementation:adder_output|bit_adder_8:bit_1|or_gate_3_inputs:G12"
Info (12128): Elaborating entity "reg8" for hierarchy "datapath:datapath_Process|accumulator_8_bits:accumilate_output|reg8:reg_output"
Info (12128): Elaborating entity "twosComp" for hierarchy "datapath:datapath_Process|twosComp:complementValue"
Info (12128): Elaborating entity "comp8bit" for hierarchy "datapath:datapath_Process|comp8bit:comapring_price"
Info (16010): Generating hard_block partition "hard_block:auto_generated_inst"
    Info (16011): Adding 0 node(s), including 0 DDIO, 0 PLL, 0 transceiver and 0 LCELL
Info (21057): Implemented 123 device resources after synthesis - the final resource count might be different
    Info (21058): Implemented 28 input pins
    Info (21059): Implemented 18 output pins
    Info (21061): Implemented 77 logic cells
Info: Quartus II 64-Bit Analysis & Synthesis was successful. 0 errors, 14 warnings
    Info: Peak virtual memory: 525 megabytes
    Info: Processing ended: Mon Apr 17 22:25:36 2017
    Info: Elapsed time: 00:00:04
    Info: Total CPU time (on all processors): 00:00:04


